22:05|SYSTEM|normal|FALCONDECK MISSION CONTROL READY
22:05|SYSTEM|normal|SPOTLIGHT  WUK557  ALT --  NEAREST AIRCRAFT
22:05|SYSTEM|normal|TARGET SELECTED  RYR1QD
22:05|SYSTEM|normal|SPOTLIGHT  DLH958  ALT --  NEAREST AIRCRAFT
22:08|SYSTEM|normal|FALCONDECK MISSION CONTROL READY
22:08|SYSTEM|normal|SPOTLIGHT  RYR75VP  ALT --  NEAREST AIRCRAFT
22:11|SYSTEM|normal|FALCONDECK MISSION CONTROL READY
22:11|SYSTEM|normal|SPOTLIGHT  RYR75VP  ALT --  NEAREST AIRCRAFT
22:12|SYSTEM|normal|TARGET SELECTED  RYR2YY
22:12|SYSTEM|normal|TUNING APPROACH  129.025 MHz
22:12|SYSTEM|normal|SPOTLIGHT  RYR2RM  ALT --  NEAREST AIRCRAFT
22:12|SYSTEM|normal|SPOTLIGHT  406909  ALT --  NEAREST AIRCRAFT
22:12|SYSTEM|normal|SPOTLIGHT  EZY905X  ALT --  NEAREST AIRCRAFT
22:14|SYSTEM|normal|SPOTLIGHT  EZY63FA  ALT --  NEAREST AIRCRAFT
22:18|SYSTEM|normal|FALCONDECK MISSION CONTROL READY
22:18|SYSTEM|normal|SPOTLIGHT  BCS2219  ALT --  NEAREST AIRCRAFT
22:20|SYSTEM|normal|SPOTLIGHT  EZY38XG  ALT --  NEAREST AIRCRAFT
22:21|SYSTEM|normal|SPOTLIGHT  RYR29XJ  ALT --  NEAREST AIRCRAFT
22:21|SYSTEM|normal|FALCONDECK MISSION CONTROL READY
22:21|SYSTEM|normal|SPOTLIGHT  RUK2HK  ALT --  NEAREST AIRCRAFT
22:23|SYSTEM|normal|SPOTLIGHT  EZY28YR  ALT --  NEAREST AIRCRAFT
22:24|SYSTEM|normal|FALCONDECK MISSION CONTROL READY
22:24|SYSTEM|normal|SPOTLIGHT  EZY28YR  ALT --  NEAREST AIRCRAFT
22:25|SYSTEM|normal|SPOTLIGHT  LHX948  ALT --  NEAREST AIRCRAFT
22:25|SYSTEM|normal|SPOTLIGHT  SHT18P  ALT --  NEAREST AIRCRAFT
22:25|SYSTEM|normal|SPOTLIGHT  3C654D  ALT --  NEAREST AIRCRAFT
22:27|SYSTEM|normal|SPOTLIGHT  EZY56CL  ALT --  NEAREST AIRCRAFT
22:28|SYSTEM|normal|SPOTLIGHT  EZY58ER  ALT --  NEAREST AIRCRAFT
22:29|SYSTEM|normal|FALCONDECK MISSION CONTROL READY
22:29|SYSTEM|normal|SPOTLIGHT  EZY58ER  ALT --  NEAREST AIRCRAFT
22:31|SYSTEM|normal|SPOTLIGHT  RYR3QN  ALT --  NEAREST AIRCRAFT
22:32|SYSTEM|normal|FALCONDECK MISSION CONTROL READY
22:32|SYSTEM|normal|SPOTLIGHT  EXS72UW  ALT --  NEAREST AIRCRAFT
22:34|SYSTEM|normal|SPOTLIGHT  EXS22TL  ALT --  NEAREST AIRCRAFT
22:35|SYSTEM|normal|FALCONDECK MISSION CONTROL READY
22:35|SYSTEM|normal|SPOTLIGHT  EXS22TL  ALT --  NEAREST AIRCRAFT
22:38|SYSTEM|normal|SPOTLIGHT  3CD3B7  ALT --  NEAREST AIRCRAFT
22:38|SYSTEM|normal|SPOTLIGHT  EZY52LU  ALT --  NEAREST AIRCRAFT
22:39|SYSTEM|normal|FALCONDECK MISSION CONTROL READY
22:39|SYSTEM|normal|SPOTLIGHT  EZY52LU  ALT --  NEAREST AIRCRAFT
22:39|SYSTEM|normal|SPOTLIGHT  EXS95LV  ALT --  NEAREST AIRCRAFT
22:44|SYSTEM|normal|SPOTLIGHT  EXS70F  ALT --  NEAREST AIRCRAFT
22:49|SYSTEM|normal|FALCONDECK MISSION CONTROL READY
22:49|SYSTEM|normal|SPOTLIGHT  RYR3LP  ALT --  NEAREST AIRCRAFT
22:51|SYSTEM|normal|FALCONDECK MISSION CONTROL READY
22:51|AIRCRAFT|normal|SPOTLIGHT  RYR3LP  ALT --  12.1 NM  NORMAL TRAFFIC
22:54|SYSTEM|normal|FALCONDECK MISSION CONTROL READY
22:54|AIRCRAFT|normal|SPOTLIGHT  SHT6U  ALT --  8.3 NM  NORMAL TRAFFIC
22:55|SYSTEM|normal|FALCONDECK MISSION CONTROL READY
22:55|SYSTEM|normal|SPOTLIGHT  SHT6U  ALT --  NEAREST AIRCRAFT
22:55|SYSTEM|normal|SPOTLIGHT  AMX008  ALT --  NEAREST AIRCRAFT
22:56|SYSTEM|normal|FALCONDECK MISSION CONTROL READY
22:56|SYSTEM|normal|SPOTLIGHT  AMX008  ALT --  NEAREST AIRCRAFT
22:57|SYSTEM|normal|TARGET SELECTED  EZY69VB
22:57|SYSTEM|normal|SPOTLIGHT  TOM47X  ALT --  NEAREST AIRCRAFT
